2026-07-13	bluesky-likes.js	line 79	dead:404	"https://video.bsky.app/watch/did%3Aplc%3Aopsosud4y6zfhzjklmgprxhc/bafkreidqzc3bvgjsvdrqp6f2fkjpjudsc73opmw5zce2zesbvutp3py32m/playlist.m3u8",
2026-07-13	bluesky-likes.js	line 125	dead:404	"https://video.bsky.app/watch/did%3Aplc%3A2aebqfriku2mebym6l7sn35z/bafkreia6kb22nkmhdqcxrapy5aiwvpsqhhkb4fewdq5uv4.giffowajhve/playlist.m3u8",
2026-07-13	bluesky-likes.js	line 131	dead:404	"https://video.bsky.app/watch/did%3Aplc%3Aopsosud4y6zfhzjklmgprxhc/bafkreiaecoastyo6falx4hu4jd3ibjkhn6rkoa5avek6q722zeorqax6ry/playlist.m3u8",
2026-07-13	bluesky-likes.js	line 132	dead:404	"https://video.bsky.app/watch/did%3Aplc%3Aopsosud4y6zfhzjklmgprxhc/bafkreia2ciclsnssxu2uwvnm66owruy2yxclnmerfpyqqxxfbcq7iy246u/playlist.m3u8",
2026-07-13	bluesky-likes.js	line 162	dead:404	"https://video.bsky.app/watch/did%3Aplc%3Amjq6crczv37xo34hmdho3k2s/bafkreie4ivu5ji6rlu7iey6sw2twtlaolkgf4n7encmxkcg3estic2rba4/playlist.m3u8",
2026-07-13	bluesky-likes.js	line 239	dead:404	"https://video.bsky.app/watch/did%3Aplc%3A3djoqvqmlv62ypemq6l5nkaw/bafkreifhg3lx2rn6c6jhoehhnisx2royvcif67xtcgsemnxectztoohtuu/playlist.m3u8",
2026-07-13	bomb-ass-dee-pt-2.js	line 106	dead:404	"https://video.twimg.com/ext_tw_video/1784450429524353024/pu/vid/avc1/720x1090/IC5BuJW_8-GUl155.mp4",
2026-07-13	bomb-ass-dee-pt-2.js	line 113	dead:404	"https://video.twimg.com/ext_tw_video/1763002149733048320/pu/vid/avc1/720x1280/6qHiUGbfTXNCSetj.mp4",
2026-07-13	bomb-ass-dee-pt-2.js	line 150	dead:404	"https://video.twimg.com/ext_tw_video/1786365371982684161/pu/vid/avc1/1080x1920/GYRm_Bek0wHJr8E5.mp4",
2026-07-13	bomb-ass-dee-pt-2.js	line 188	dead:403	"https://video-s.twimg.com/amplify_video/1900400254089924609/vid/avc1/720x1260/lucRNwneWNmZJec_.mp4?tag=14",
2026-07-13	bomb-ass-dee-pt-2.js	line 193	dead:404	"https://video-s.twimg.com/ext_tw_video/1900287946168700928/pu/vid/avc1/720x1000/8XMf4dNnM3URBJct.mp4?tag=12",
2026-07-13	bomb-ass-dee-pt-2.js	line 197	dead:403	"https://video-s.twimg.com/ext_tw_video/1900255055598563329/pu/vid/avc1/1280x720/EBZ5oM-JOQ2Fli-A.mp4?tag=12",
2026-07-13	bomb-ass-dee-pt-2.js	line 200	dead:403	"https://video-s.twimg.com/ext_tw_video/1900255275849773056/pu/vid/avc1/1544x720/V3ATIdKRHymgiEge.mp4?tag=12",
2026-07-13	bomb-ass-dee-pt-2.js	line 343	dead:403	"https://video.twimg.com/amplify_video/1839322407649320960/vid/avc1/720x1280/3KlmS1FmQ0ZfnQ3T.mp4?tag=14",
2026-07-13	bomb-ass-dee-pt-2.js	line 346	dead:403	"https://video.twimg.com/ext_tw_video/1688151055555846145/pu/vid/1280x720/DRPVWSc-fxyh24hU.mp4?tag=12",
2026-07-13	bomb-ass-dee-pt-2.js	line 349	dead:404	"https://video.twimg.com/ext_tw_video/1838164130571972608/pu/vid/avc1/1280x720/Xqtut5TwkN0RiI5e.mp4?tag=12",
2026-07-13	bomb-ass-dee-pt-2.js	line 362	dead:404	"https://video.twimg.com/ext_tw_video/1691970824499351552/pu/vid/720x1280/ckaccihvYvrNrMYa.mp4?tag=12",
2026-07-13	bomb-ass-dee-pt-2.js	line 426	dead:403	"https://video.twimg.com/ext_tw_video/1753648840551346176/pu/vid/avc1/480x852/vVd5MN9v89k5ilBk.mp4?tag=12",
2026-07-13	bomb-ass-dee-pt-2.js	line 456	dead:404	"https://video-t-2.twimg.com/ext_tw_video/1724478527389454336/pu/vid/avc1/1280x720/lMMPfo7RFCLy7Wgd.mp4?tag=12",
2026-07-13	bomb-ass-dee-pt-2.js	line 457	dead:404	"https://video-t-1.twimg.com/ext_tw_video/1681448120801013761/pu/vid/720x720/9h9fekAx8iS9gJqU.mp4?tag=12",
2026-07-13	bomb-ass-dee-pt-2.js	line 472	dead:403	"https://video.twimg.com/ext_tw_video/1579220353133461507/pu/vid/720x1280/uag5GaXNyuSPu4qr.mp4?tag=12",
2026-07-13	bomb-ass-dee-pt-2.js	line 474	dead:403	"https://video.twimg.com/ext_tw_video/1721363901097652224/pu/vid/avc1/720x1166/1OLu_DJkbxan7hoH.mp4?tag=12",
2026-07-13	bomb-ass-dee-pt-2.js	line 475	dead:403	"https://video.twimg.com/ext_tw_video/1721363500608688128/pu/vid/avc1/720x1230/myuDMUcmb1FEcpPT.mp4?tag=12",
2026-07-13	bomb-ass-dee-pt-2.js	line 492	dead:404	"https://video.twimg.com/amplify_video/1649240491471536128/vid/1080x1920/5_EL7YO2mTlIRcMr.mp4?tag=16",
2026-07-13	bomb-ass-dee-pt-2.js	line 501	dead:404	"https://video.twimg.com/ext_tw_video/1681618826029350915/pu/vid/718x1280/vSJRmi3wQJezEoqF.mp4?tag=12",
2026-07-13	bomb-ass-dee-pt-2.js	line 507	dead:404	"https://video.twimg.com/amplify_video/1661907837898092544/vid/720x1280/sFCGZRQICwHwK_TC.mp4?tag=14",
2026-07-13	bomb-ass-dee-pt-2.js	line 509	dead:404	"https://video.twimg.com/ext_tw_video/1623768616054272000/pu/vid/1280x720/6-pb3SjlL35U3fxj.mp4?tag=12",
2026-07-13	bomb-ass-dee-pt-2.js	line 548	dead:404	"https://video.twimg.com/ext_tw_video/1643972713147674627/pu/vid/1280x676/Z9bYsiUMqsaIVEH6.mp4?tag=12",
2026-07-13	bomb-ass-dee-pt-2.js	line 552	dead:404	"https://video.twimg.com/ext_tw_video/1634927275090104321/pu/vid/960x720/jMnsnOu6oAxtG81c.mp4?tag=12",
2026-07-13	bomb-ass-dee-pt-2.js	line 558	dead:404	"https://video.twimg.com/ext_tw_video/1623303845181898753/pu/vid/960x720/1w9vdD_W0bEWBpwB.mp4?tag=12",
2026-07-13	bomb-ass-dee-pt-2.js	line 592	dead:404	"https://video.twimg.com/ext_tw_video/1530439593568489472/pu/vid/960x720/LQChlWZem3aRn_K2.mp4?tag=12",
2026-07-13	bomb-ass-dee-pt-2.js	line 595	dead:404	"https://video.twimg.com/ext_tw_video/1408153791761846272/pu/vid/720x1280/7Vii9xtMbYDSnFnR.mp4?tag=12",
2026-07-13	bomb-ass-dee-pt-2.js	line 600	dead:403	"https://video.twimg.com/ext_tw_video/1370188896084975617/pu/vid/854x480/bHGh53sZsjxUazQN.mp4?tag=12",
2026-07-13	bomb-ass-dee-pt-2.js	line 607	dead:404	"https://video.twimg.com/ext_tw_video/1328049958407180288/pu/vid/720x1280/TEYmKxi0sqNXY8I4.mp4?tag=10",
2026-07-13	bomb-ass-dee-pt-2.js	line 628	dead:404	"https://video.twimg.com/ext_tw_video/1355327451056885761/pu/vid/720x1280/q74dI3FLrxyaBs4k.mp4?tag=12",
2026-07-13	bomb-ass-dee-pt-2.js	line 638	dead:403	"https://video.twimg.com/amplify_video/1839322407649320960/vid/avc1/720x1280/3KlmS1FmQ0ZfnQ3T.mp4?tag=14",
2026-07-13	bomb-ass-dee-pt-2.js	line 641	dead:403	"https://video.twimg.com/ext_tw_video/1688151055555846145/pu/vid/1280x720/DRPVWSc-fxyh24hU.mp4?tag=12",
2026-07-13	bomb-ass-dee-pt-2.js	line 644	dead:404	"https://video.twimg.com/ext_tw_video/1838164130571972608/pu/vid/avc1/1280x720/Xqtut5TwkN0RiI5e.mp4?tag=12",
2026-07-13	bomb-ass-dee-pt-2.js	line 657	dead:404	"https://video.twimg.com/ext_tw_video/1691970824499351552/pu/vid/720x1280/ckaccihvYvrNrMYa.mp4?tag=12",
2026-07-13	bomb-ass-dee-pt-2.js	line 721	dead:403	"https://video.twimg.com/ext_tw_video/1753648840551346176/pu/vid/avc1/480x852/vVd5MN9v89k5ilBk.mp4?tag=12",
2026-07-13	bomb-ass-dee-pt-2.js	line 751	dead:404	"https://video-t-2.twimg.com/ext_tw_video/1724478527389454336/pu/vid/avc1/1280x720/lMMPfo7RFCLy7Wgd.mp4?tag=12",
2026-07-13	bomb-ass-dee-pt-2.js	line 752	dead:404	"https://video-t-1.twimg.com/ext_tw_video/1681448120801013761/pu/vid/720x720/9h9fekAx8iS9gJqU.mp4?tag=12",
2026-07-13	bomb-ass-dee-pt-2.js	line 767	dead:403	"https://video.twimg.com/ext_tw_video/1579220353133461507/pu/vid/720x1280/uag5GaXNyuSPu4qr.mp4?tag=12",
2026-07-13	bomb-ass-dee-pt-2.js	line 769	dead:403	"https://video.twimg.com/ext_tw_video/1721363901097652224/pu/vid/avc1/720x1166/1OLu_DJkbxan7hoH.mp4?tag=12",
2026-07-13	bomb-ass-dee-pt-2.js	line 770	dead:403	"https://video.twimg.com/ext_tw_video/1721363500608688128/pu/vid/avc1/720x1230/myuDMUcmb1FEcpPT.mp4?tag=12",
2026-07-13	bomb-ass-dee-pt-2.js	line 787	dead:404	"https://video.twimg.com/amplify_video/1649240491471536128/vid/1080x1920/5_EL7YO2mTlIRcMr.mp4?tag=16",
2026-07-13	bomb-ass-dee-pt-2.js	line 796	dead:404	"https://video.twimg.com/ext_tw_video/1681618826029350915/pu/vid/718x1280/vSJRmi3wQJezEoqF.mp4?tag=12",
2026-07-13	bomb-ass-dee-pt-2.js	line 802	dead:404	"https://video.twimg.com/amplify_video/1661907837898092544/vid/720x1280/sFCGZRQICwHwK_TC.mp4?tag=14",
2026-07-13	bomb-ass-dee-pt-2.js	line 804	dead:404	"https://video.twimg.com/ext_tw_video/1623768616054272000/pu/vid/1280x720/6-pb3SjlL35U3fxj.mp4?tag=12",
2026-07-13	bomb-ass-dee-pt-2.js	line 843	dead:404	"https://video.twimg.com/ext_tw_video/1643972713147674627/pu/vid/1280x676/Z9bYsiUMqsaIVEH6.mp4?tag=12",
2026-07-13	bomb-ass-dee-pt-2.js	line 847	dead:404	"https://video.twimg.com/ext_tw_video/1634927275090104321/pu/vid/960x720/jMnsnOu6oAxtG81c.mp4?tag=12",
2026-07-13	bomb-ass-dee-pt-2.js	line 853	dead:404	"https://video.twimg.com/ext_tw_video/1623303845181898753/pu/vid/960x720/1w9vdD_W0bEWBpwB.mp4?tag=12",
2026-07-13	bomb-ass-dee-pt-2.js	line 887	dead:404	"https://video.twimg.com/ext_tw_video/1530439593568489472/pu/vid/960x720/LQChlWZem3aRn_K2.mp4?tag=12",
2026-07-13	bomb-ass-dee-pt-2.js	line 890	dead:404	"https://video.twimg.com/ext_tw_video/1408153791761846272/pu/vid/720x1280/7Vii9xtMbYDSnFnR.mp4?tag=12",
2026-07-13	bomb-ass-dee-pt-2.js	line 895	dead:403	"https://video.twimg.com/ext_tw_video/1370188896084975617/pu/vid/854x480/bHGh53sZsjxUazQN.mp4?tag=12",
2026-07-13	bomb-ass-dee-pt-2.js	line 902	dead:404	"https://video.twimg.com/ext_tw_video/1328049958407180288/pu/vid/720x1280/TEYmKxi0sqNXY8I4.mp4?tag=10",
2026-07-13	bomb-ass-dee-pt-2.js	line 922	dead:404	"https://video.twimg.com/ext_tw_video/1355327451056885761/pu/vid/720x1280/q74dI3FLrxyaBs4k.mp4?tag=12",
2026-07-13	bomb-ass-dee-pt-2.js	line 940	dead:404	"https://video.twimg.com/ext_tw_video/1824905306238771200/pu/vid/avc1/720x720/Y5vk3GD-PsPzDxY-.mp4?tag=12",
2026-07-13	bomb-ass-dee-pt-2.js	line 1027	dead:404	"https://video.twimg.com/ext_tw_video/1735815765587292160/pu/vid/avc1/720x1280/ubiz7lWJK8stWUgd.mp4?tag=12",
2026-07-13	bomb-ass-dee.js	line 71	dead:404	"https://video.twimg.com/amplify_video/1649240491471536128/vid/1080x1920/5_EL7YO2mTlIRcMr.mp4",
2026-07-13	bomb-ass-dee.js	line 77	dead:404	"https://video.twimg.com/amplify_video/1661907837898092544/vid/720x1280/sFCGZRQICwHwK_TC.mp4",
2026-07-13	bomb-ass-dee.js	line 115	dead:404	"https://video.twimg.com/ext_tw_video/1408153791761846272/pu/vid/720x1280/7Vii9xtMbYDSnFnR.mp4",
2026-07-13	bomb-ass-dee.js	line 120	dead:404	"https://video.twimg.com/ext_tw_video/1328049958407180288/pu/vid/720x1280/TEYmKxi0sqNXY8I4.mp4",
2026-07-13	bomb-ass-dee.js	line 187	dead:403	"https://video-s.twimg.com/ext_tw_video/1910510701002493952/pu/vid/avc1/720x1232/0TFmCEnowiBpnnYb.mp4",
2026-07-13	bomb-ass-dee.js	line 190	dead:403	"https://video-s.twimg.com/ext_tw_video/1909119189433921536/pu/vid/avc1/852x480/W07nl0GQRvOtlvhQ.mp4",
2026-07-13	bomb-ass-dee.js	line 191	dead:403	"https://video-s.twimg.com/ext_tw_video/1909119189425782784/pu/vid/avc1/360x640/zjMrp2mwSNhJXqnQ.mp4",
2026-07-13	bomb-ass-dee.js	line 192	dead:403	"https://video-s.twimg.com/tweet_video/Gn6Nya-XwAA2WAb.mp4",
2026-07-13	bomb-ass-dee.js	line 193	dead:403	"https://video-s.twimg.com/tweet_video/Gn6Nya-XAAAtxow.mp4",
2026-07-13	bomb-ass-dee.js	line 196	dead:403	"https://video-s.twimg.com/ext_tw_video/1899489668141379584/pu/vid/avc1/720x850/llpF09ajUc7mskM0.mp4",
2026-07-13	bomb-ass-dee.js	line 284	dead:404	"https://video-s.twimg.com/amplify_video/2002145089108230144/vid/avc1/656x1232/Vk_nMLiH7obz0K87.mp4",
2026-07-13	bomb-ass-dee.js	line 296	dead:404	"https://video-s.twimg.com/amplify_video/1877135788959219712/vid/avc1/1080x1920/bSrCHi4CXM4qzFzA.mp4",
2026-07-13	bomb-ass-dee.js	line 315	dead:404	"https://video-s.twimg.com/amplify_video/1884014865192210432/vid/avc1/1080x1920/kwQyJwJdb4thSkAI.mp4",
2026-07-13	bomb-ass-dee.js	line 316	dead:403	"https://video-s.twimg.com/amplify_video/2001451689870606336/vid/avc1/720x1280/OZQMzWF9axdAxDIS.mp4",
2026-07-13	bomb-ass-dee.js	line 318	dead:404	"https://video-s.twimg.com/amplify_video/2002145089112489985/vid/avc1/720x820/qg8ftZfe7v4J1oki.mp4",
2026-07-13	bomb-ass-dee.js	line 320	dead:404	"https://video-s.twimg.com/ext_tw_video/1876642101166817280/pu/vid/avc1/720x1280/Ns_cbPBCHsfT60Q7.mp4",
2026-07-13	bomb-ass-dee.js	line 354	dead:403	"https://video-s.twimg.com/amplify_video/1897775696081989632/vid/avc1/718x1280/-N1_xL1XQ-r5j75u.mp4",
2026-07-13	bomb-ass-dee.js	line 355	dead:403	"https://video-s.twimg.com/amplify_video/1897775696069439489/vid/avc1/720x1142/GMchbdNSjP4gvKy9.mp4",
2026-07-13	bomb-ass-dee.js	line 397	dead:404	"https://video-s.twimg.com/ext_tw_video/1802681823991881728/pu/vid/avc1/1280x720/-Madax3KUz28KPM6.mp4",
2026-07-13	bomb-ass-dee.js	line 398	dead:404	"https://video-s.twimg.com/amplify_video/1810322036402597888/vid/avc1/1920x1080/6GiYFDurHBu4KQDK.mp4",
2026-07-13	bomb-ass-dee.js	line 588	dead:403	"https://media.redgifs.com/PresentHideousPomeranian.mp4",
2026-07-13	bomb-ass-dee.js	line 593	dead:403	"https://media.redgifs.com/InexperiencedSurprisedScarletibis.mp4",
2026-07-13	bomb-ass-dee.js	line 599	dead:403	"https://media.redgifs.com/NeighboringSandybrownSawfish.mp4",
2026-07-13	bomb-ass-dee.js	line 601	dead:403	"https://media.redgifs.com/SecretCrazyXenops.mp4",
2026-07-13	bomb-ass-dee.js	line 609	dead:403	"https://media.redgifs.com/WebbedAbsoluteHammerheadshark.mp4",
2026-07-13	x-likes-long.js	line 101	dead:404	"https://video.twimg.com/amplify_video/2048438219247890432/pl/bFSmyQ4-yFoMYrnb.m3u8?tag=21&variant_version=1",
2026-07-13	x-likes-long.js	line 197	dead:404	"https://video.twimg.com/amplify_video/1994637150843965440/vid/avc1/720x1280/c6Rm5Xdn9t5eWpi6.mp4",
2026-07-13	x-likes-long.js	line 209	dead:404	"https://video.twimg.com/amplify_video/1920630267108106240/vid/avc1/720x1280/J90RH2zwSKm0ZrkI.mp4",
2026-07-13	x-likes-long.js	line 230	dead:403	"https://video.twimg.com/ext_tw_video/1907581318206025728/pu/vid/avc1/652x1080/TJbP1Qdn7SguCY3G.mp4",
2026-07-13	x-likes-long.js	line 247	dead:404	"https://video.twimg.com/amplify_video/2021797988285272064/vid/avc1/720x1280/euCFtjjYwnOHmRai.mp4",
2026-07-13	x-likes-long.js	line 253	dead:403	"https://video.twimg.com/amplify_video/1920515033894674432/vid/avc1/720x1128/hLLh4E4h9sz9VIQK.mp4",
2026-07-13	x-likes-long.js	line 255	dead:403	"https://video.twimg.com/amplify_video/1989188024781967360/vid/avc1/708x854/Eh-_FcDKKre-Y6kb.mp4",
2026-07-13	x-likes-short.js	line 26	dead:404	"https://video.twimg.com/amplify_video/1926104796538277888/vid/avc1/720x960/56TsdVh4mcD1zDML.mp4",
2026-07-13	x-likes-short.js	line 36	dead:404	"https://video.twimg.com/amplify_video/1908012453650391040/vid/avc1/720x1280/O0KPE9BObvL3EJqR.mp4",
2026-07-13	x-likes-short.js	line 100	dead:404	"https://video.twimg.com/amplify_video/1929624039955615746/vid/avc1/1080x1920/fxrH17F3LQt3NI9s.mp4",
2026-07-13	x-likes-short.js	line 160	dead:404	"https://video.twimg.com/amplify_video/1934389177094688768/vid/avc1/720x1280/H3HsitcDR7-GYbIp.mp4",
2026-07-13	x-likes-short.js	line 169	dead:404	"https://video.twimg.com/amplify_video/1975594965498540032/vid/avc1/1080x1440/1U5mbfYUcpP3DkeH.mp4",
2026-07-13	x-likes-short.js	line 182	dead:404	"https://video.twimg.com/amplify_video/1980022785767317504/vid/avc1/1580x886/JSVz_km-QjodvA2h.mp4",
2026-07-13	x-likes-short.js	line 190	dead:404	"https://video.twimg.com/amplify_video/1980848910437330944/vid/avc1/3840x2160/n5xRu9fhh9llMOTL.mp4",
2026-07-13	x-likes-short.js	line 195	dead:404	"https://video.twimg.com/amplify_video/1941337184138629120/vid/avc1/720x756/qxY5xICZHan-hdGW.mp4",
2026-07-13	x-likes-short.js	line 199	dead:404	"https://video.twimg.com/amplify_video/1982888849467375616/vid/avc1/1080x1920/YYE28kEEVnDYDBRv.mp4",
2026-07-13	x-likes-short.js	line 235	dead:404	"https://video.twimg.com/amplify_video/1997086501016866816/vid/avc1/2160x3840/BDUSEqLKVYWhvuEs.mp4",
2026-07-13	x-likes-short.js	line 269	dead:403	"https://video.twimg.com/amplify_video/1925821581768400896/vid/avc1/888x460/b9RzHscOi0G-qASO.mp4",
2026-07-13	x-likes-short.js	line 272	dead:404	"https://video.twimg.com/amplify_video/2016005145306202112/vid/avc1/352x640/XC-6O_1i_Syhad7V.mp4",
2026-07-13	x-likes-short.js	line 275	dead:403	"https://video.twimg.com/amplify_video/1993439824548675584/vid/avc1/720x1280/HQqp8If6GKNvYHM9.mp4",
2026-07-13	x-likes-short.js	line 281	dead:403	"https://video.twimg.com/amplify_video/1983301098505965568/vid/avc1/720x1162/L0wL_-oMWinuJAgC.mp4",
2026-07-13	x-likes-short.js	line 293	dead:403	"https://video.twimg.com/amplify_video/1929713867476606976/vid/avc1/720x1030/n1eN0PixZVk7e-Wz.mp4",
2026-08-03	bomb-ass-dee-pt-2.js	line 51	dead:404	"https://video-s.twimg.com/ext_tw_video/1767576400125423616/pu/vid/avc1/1280x720/BY2dv56EdU5oFqoF.mp4?tag=12",
2026-08-03	bomb-ass-dee-pt-2.js	line 460	dead:404	"https://video.twimg.com/ext_tw_video/1676212251907223554/pu/vid/720x1280/J3d8-LfRIHi8gXbA.mp4?tag=12",
2026-08-03	bomb-ass-dee-pt-2.js	line 514	dead:404	"https://video.twimg.com/ext_tw_video/1651410085552304128/pu/vid/720x1280/9D4Gb47K3Y4sTa-O.mp4?tag=12",
2026-08-03	bomb-ass-dee-pt-2.js	line 733	dead:404	"https://video.twimg.com/ext_tw_video/1676212251907223554/pu/vid/720x1280/J3d8-LfRIHi8gXbA.mp4?tag=12",
2026-08-03	bomb-ass-dee-pt-2.js	line 787	dead:404	"https://video.twimg.com/ext_tw_video/1651410085552304128/pu/vid/720x1280/9D4Gb47K3Y4sTa-O.mp4?tag=12",
2026-08-03	bomb-ass-dee.js	line 155	dead:404	"https://video-s.twimg.com/ext_tw_video/1767576400125423616/pu/vid/avc1/1280x720/BY2dv56EdU5oFqoF.mp4",
2026-08-03	x-likes-long.js	line 164	dead:404	"https://video.twimg.com/amplify_video/2076387466286657536/pl/bErtCjVQrKQF626B.m3u8?tag=28&variant_version=1",
