https://video.bsky.app/watch/did%3Aplc%3Av3pnwoonthpfzaxb2ka6e6pm/bafkreiasagukh5fq4fz5744o7ecprci4nnmh7vylrstbaiftakgui4ytpu/playlist.m3u8	spawn ffmpeg ENOENT
https://n4.coomer.st/data/b3/7f/b37f86e09928e199b9a69a2c14b1147cc419ed20bbf933e2f3a0c2a0908356c4.mp4?f=0gr6nxyj4pafa4776n97e_source.mp4	spawn ffmpeg ENOENT
https://n2.coomer.st/data/7a/4b/7a4be0acf265e42fde5a9be0ac2a942088836c95bf123c468d0272cf4b295c3d.mp4?f=0grior3h0x3o2av4m4s7a_source.mp4	spawn ffmpeg ENOENT
https://n2.coomer.st/data/64/af/64af04e9a46b0e814a53011c70315a2ff137676553b411865a23a4e350863adc.mp4?f=PLkX2yS2kA5J02yqaFQvVmWvaWLZjoux.mp4	spawn ffmpeg ENOENT
https://n4.coomer.st/data/88/25/882505426c1245eb2320bd7ada2eee76cee2a58431fd695324667523357c5e97.mp4?f=0hmchw8x3hwvddpn5f1n6_source.mp4	spawn ffmpeg ENOENT
https://n4.coomer.st/data/f0/c5/f0c54bbad58e7a514850f84ed7242d36101cf8a06f2fe4748f1a1cf22c5e1571.mp4?f=0hmm08wpwzqh17rsd8w0g_source.mp4	spawn ffmpeg ENOENT
https://n1.coomer.st/data/7c/b6/7cb6ece522105061c1d27b45041f8ae9ed99d22b1d2a2849b747bc0f95067107.mp4?f=0hh1ludygk4unpxdrtw37_source.mp4	spawn ffmpeg ENOENT
https://n3.coomer.st/data/26/10/261047d87211b92fb3300f62bfcfb63df93207963766cf9634ba8f725bb20f47.mp4?f=0hgp30x59inb8yviwe73h_source.mp4	spawn ffmpeg ENOENT
https://n4.coomer.st/data/d6/28/d628f07c98101d5fec06626ebb5987ea8d4c7e26772f4c2fdfe4700f3943dadc.mp4?f=0hfnz55f290c94iwahhq0_source.mp4	spawn ffmpeg ENOENT
https://n1.coomer.st/data/22/f6/22f6f4956ba9ae3a9f50d4f4c80098403e89fbf7459751408e568285f424acb2.mp4?f=0hdc3zc5kki10cptve4q6_source.mp4	spawn ffmpeg ENOENT
https://n1.coomer.st/data/4f/34/4f34e902080399d62e405defd911fdff2a90b34a086afa59117d5808e809970c.mp4?f=0he0v294okgl18cgnr3hp_source.mp4	spawn ffmpeg ENOENT
https://video.twimg.com/ext_tw_video/2031533511769804800/pu/pl/INJuft3hkrfYmNsW.m3u8?variant_version=3&tag=12	spawn ffmpeg ENOENT
https://video.twimg.com/amplify_video/2035764863675572224/pl/y87QBfIGJKXxR4_w.m3u8?variant_version=3&tag=21	spawn ffmpeg ENOENT
https://video.twimg.com/amplify_video/2047943320350121984/pl/7NX6HxoMFBn-VGuy.m3u8?tag=14&variant_version=1	spawn ffmpeg ENOENT
https://video.twimg.com/ext_tw_video/1719460155819958272/pu/pl/fbSc98Pv2MEkZ-9z.m3u8?tag=12&variant_version=1	spawn ffmpeg ENOENT
https://video.twimg.com/amplify_video/2047815252432338944/pl/8tz2Qf-Sn9flm2Pj.m3u8?tag=21&variant_version=1	spawn ffmpeg ENOENT
https://video.twimg.com/ext_tw_video/1971723196467671040/pu/pl/pFfY9dhchYzss3E_.m3u8?tag=12&variant_version=1	spawn ffmpeg ENOENT
https://video.twimg.com/ext_tw_video/1792565455925788674/pu/pl/f0M8BddssqpeRHh7.m3u8?tag=12&variant_version=1	spawn ffmpeg ENOENT
https://video.twimg.com/amplify_video/2100646513030332416/pl/XhaxRYrbDFHwUFlq.m3u8?tag=29&variant_version=1	spawn ffmpeg ENOENT
https://video.twimg.com/amplify_video/2101024513743810560/pl/UsJS99KKr7w5ux3g.m3u8?tag=29&variant_version=1	spawn ffmpeg ENOENT
https://video.twimg.com/amplify_video/2102178663123017729/pl/IpQo0wKDmk0fajwi.m3u8?tag=29&variant_version=1	spawn ffmpeg ENOENT
https://video.twimg.com/ext_tw_video/1658345114664595457/pu/pl/s-7fVL_wDaoCu5Ay.m3u8?tag=12&variant_version=1	spawn ffmpeg ENOENT
https://video.twimg.com/amplify_video/2087404120642600960/pl/bJBJUYaq_BCpOvRs.m3u8?tag=29&variant_version=1	spawn ffmpeg ENOENT
https://video.twimg.com/amplify_video/2102421383720718336/pl/5Y3sPgQuvcdlL8t2.m3u8?tag=29&variant_version=1	spawn ffmpeg ENOENT
https://video.twimg.com/amplify_video/2103221148301627392/pl/KX2ieO3rv18jyr7e.m3u8?tag=29&variant_version=1	spawn ffmpeg ENOENT
https://video.twimg.com/amplify_video/2029051431483850752/pl/iRW_RRi8JDLIsq9m.m3u8?tag=21&variant_version=1	spawn ffmpeg ENOENT
https://video.twimg.com/amplify_video/2064607671752577024/pl/bgjTkZXJrDFaAqOW.m3u8?tag=27&variant_version=1	spawn ffmpeg ENOENT
https://video.twimg.com/amplify_video/1999912293430132739/pl/nha5FD8tp_Eb47LH.m3u8?tag=21&variant_version=1	spawn ffmpeg ENOENT
https://video.twimg.com/amplify_video/2101445385273430016/pl/rz3znRYjD-bEn_oS.m3u8?tag=29&variant_version=1	spawn ffmpeg ENOENT
https://video.twimg.com/amplify_video/2095837234255556608/pl/IbH3YUr6YkEXRTsp.m3u8?tag=29&variant_version=1	spawn ffmpeg ENOENT
https://video.twimg.com/amplify_video/2099723758445707264/pl/injadQpgED0k3KKc.m3u8?tag=29&variant_version=1	spawn ffmpeg ENOENT
https://video.twimg.com/amplify_video/2097541050575233024/pl/51PpOrbx6DlVfgWW.m3u8?tag=29&variant_version=1	spawn ffmpeg ENOENT
https://video.twimg.com/amplify_video/2098248419022147590/pl/PLMgIhYUry1d3nWr.m3u8?tag=29&variant_version=1	spawn ffmpeg ENOENT
https://video.twimg.com/amplify_video/2099016141415051264/pl/6RzLjf8c9otwXElm.m3u8?tag=29&variant_version=1	spawn ffmpeg ENOENT
https://video.twimg.com/amplify_video/2100906934199033856/pl/Pl29a12DPikSYkyV.m3u8?tag=29&variant_version=1	spawn ffmpeg ENOENT
https://video.twimg.com/amplify_video/2101140664096272384/pl/sRLQDST-Z4BiWA36.m3u8?tag=29&variant_version=1	spawn ffmpeg ENOENT
https://video.twimg.com/amplify_video/2101141188791394305/pl/xTf7TTzVtOHPjA_-.m3u8?tag=29&variant_version=1	spawn ffmpeg ENOENT
https://video.twimg.com/amplify_video/2101138397503139840/pl/MHOlEniBQMIsfHeE.m3u8?tag=29&variant_version=1	spawn ffmpeg ENOENT
https://video.twimg.com/amplify_video/2103360888501653504/pl/CCu0MFuGTqPzP_Wl.m3u8?tag=29&variant_version=1	spawn ffmpeg ENOENT
https://video.twimg.com/amplify_video/2103723239524470785/pl/NtxI0JkunKOkv5V4.m3u8?tag=29&variant_version=1	spawn ffmpeg ENOENT
https://video.twimg.com/amplify_video/1949234982850859008/vid/avc1/720x1228/EbdFARuTWk3-cpWj.mp4	spawn ffmpeg ENOENT